============================= test session starts =============================
platform win32 -- Python 3.13.12, pytest-9.0.2, pluggy-1.6.0 -- C:\Users\heart\AppData\Local\Microsoft\WindowsApps\PythonSoftwareFoundation.Python.3.13_qbz5n2kfra8p0\python.exe
cachedir: .pytest_cache
rootdir: C:\Users\heart\money-mapper
configfile: pyproject.toml
plugins: anyio-4.12.1, cov-7.0.0
collecting ... collected 61 items

tests/test_cli.py::TestValidateDirectory::test_validate_nonexistent_directory PASSED [  1%]
tests/test_cli.py::TestValidateDirectory::test_validate_empty_string PASSED [  3%]
tests/test_cli.py::TestValidateDirectory::test_validate_file_path_as_directory PASSED [  4%]
tests/test_cli.py::TestValidateDirectory::test_validate_directory_requires_csv_files PASSED [  6%]
tests/test_cli.py::TestValidateDirectory::test_validate_directory_with_csv_files PASSED [  8%]
tests/test_cli.py::TestValidateDirectory::test_validate_directory_invalid_paths[/nonexistent/path] PASSED [  9%]
tests/test_cli.py::TestValidateDirectory::test_validate_directory_invalid_paths[] PASSED [ 11%]
tests/test_cli.py::TestValidateJsonFile::test_validate_valid_json_file PASSED [ 13%]
tests/test_cli.py::TestValidateJsonFile::test_validate_nonexistent_json_file PASSED [ 14%]
tests/test_cli.py::TestValidateJsonFile::test_validate_invalid_json_file PASSED [ 16%]
tests/test_cli.py::TestValidateJsonFile::test_validate_empty_json_file PASSED [ 18%]
tests/test_cli.py::TestValidateJsonFile::test_validate_json_array PASSED [ 19%]
tests/test_cli.py::TestValidateJsonFile::test_validate_non_json_file PASSED [ 21%]
tests/test_cli.py::TestValidateOutputPath::test_validate_valid_output_path PASSED [ 22%]
tests/test_cli.py::TestValidateOutputPath::test_validate_output_in_existing_directory PASSED [ 24%]
tests/test_cli.py::TestValidateOutputPath::test_validate_output_in_nonexistent_directory PASSED [ 26%]
tests/test_cli.py::TestValidateOutputPath::test_validate_output_overwrites_existing PASSED [ 27%]
tests/test_cli.py::TestConfirmAction::test_confirm_action_with_default_true PASSED [ 29%]
tests/test_cli.py::TestConfirmAction::test_confirm_action_with_default_false PASSED [ 31%]
tests/test_cli.py::TestConfirmAction::test_confirm_action_user_yes PASSED [ 32%]
tests/test_cli.py::TestConfirmAction::test_confirm_action_user_no PASSED [ 34%]
tests/test_cli.py::TestPrintBanner::test_print_banner_no_error PASSED    [ 36%]
tests/test_cli.py::TestPrintBanner::test_print_banner_callable PASSED    [ 37%]
tests/test_cli.py::TestCLIImports::test_cli_module_imports PASSED        [ 39%]
tests/test_cli.py::TestCLIImports::test_cli_entry_point_exists PASSED    [ 40%]
tests/test_cli.py::TestCLIImports::test_all_cli_functions_exist PASSED   [ 42%]
tests/test_cli.py::TestCLIIntegration::test_validate_workflow PASSED     [ 44%]
tests/test_cli.py::TestCLIIntegration::test_directory_validation_workflow PASSED [ 45%]
tests/test_cli.py::TestValidateDirectoryExtended::test_validate_relative_path PASSED [ 47%]
tests/test_cli.py::TestValidateDirectoryExtended::test_validate_multiple_csv_files PASSED [ 49%]
tests/test_cli.py::TestValidateDirectoryExtended::test_validate_mixed_file_types PASSED [ 50%]
tests/test_cli.py::TestValidateDirectoryExtended::test_validate_subdirectories_ignored PASSED [ 52%]
tests/test_cli.py::TestValidateDirectoryExtended::test_validate_csv_file PASSED [ 54%]
tests/test_cli.py::TestValidateJsonFileExtended::test_validate_nested_json PASSED [ 55%]
tests/test_cli.py::TestValidateJsonFileExtended::test_validate_large_json PASSED [ 57%]
tests/test_cli.py::TestValidateJsonFileExtended::test_validate_json_with_unicode PASSED [ 59%]
tests/test_cli.py::TestValidateJsonFileExtended::test_validate_json_null_values PASSED [ 60%]
tests/test_cli.py::TestValidateJsonFileExtended::test_validate_json_empty_object PASSED [ 62%]
tests/test_cli.py::TestValidateJsonFileExtended::test_validate_json_empty_array PASSED [ 63%]
tests/test_cli.py::TestValidateJsonFileExtended::test_validate_json_boolean_values PASSED [ 65%]
tests/test_cli.py::TestValidateJsonFileExtended::test_validate_json_number_values PASSED [ 67%]
tests/test_cli.py::TestValidateJsonFileExtended::test_validate_json_single_line PASSED [ 68%]
tests/test_cli.py::TestValidateJsonFileExtended::test_validate_json_trailing_comma PASSED [ 70%]
tests/test_cli.py::TestValidateOutputPathExtended::test_validate_output_json_extension PASSED [ 72%]
tests/test_cli.py::TestValidateOutputPathExtended::test_validate_output_different_extensions PASSED [ 73%]
tests/test_cli.py::TestValidateOutputPathExtended::test_validate_output_no_extension PASSED [ 75%]
tests/test_cli.py::TestValidateOutputPathExtended::test_validate_output_existing_file_no_prompt PASSED [ 77%]
tests/test_cli.py::TestValidateOutputPathExtended::test_validate_output_deep_path PASSED [ 78%]
tests/test_cli.py::TestValidateOutputPathExtended::test_validate_output_special_chars_in_path PASSED [ 80%]
tests/test_cli.py::TestConfirmActionExtended::test_confirm_action_uppercase_y PASSED [ 81%]
tests/test_cli.py::TestConfirmActionExtended::test_confirm_action_uppercase_n PASSED [ 83%]
tests/test_cli.py::TestConfirmActionExtended::test_confirm_action_yes_spelled_out PASSED [ 85%]
tests/test_cli.py::TestConfirmActionExtended::test_confirm_action_no_spelled_out PASSED [ 86%]
tests/test_cli.py::TestConfirmActionExtended::test_confirm_action_mixed_case_yes PASSED [ 88%]
tests/test_cli.py::TestConfirmActionExtended::test_confirm_action_invalid_input_then_default PASSED [ 90%]
tests/test_cli.py::TestConfirmActionExtended::test_confirm_action_default_true_empty PASSED [ 91%]
tests/test_cli.py::TestConfirmActionExtended::test_confirm_action_default_false_empty PASSED [ 93%]
tests/test_cli.py::TestConfirmActionExtended::test_confirm_action_spaces_around_input PASSED [ 95%]
tests/test_cli.py::TestCLIEdgeCases::test_validate_directory_with_spaces PASSED [ 96%]
tests/test_cli.py::TestCLIEdgeCases::test_validate_json_with_bom PASSED  [ 98%]
tests/test_cli.py::TestCLIEdgeCases::test_validate_output_path_with_unicode PASSED [100%]

=============================== tests coverage ================================
______________ coverage: platform win32, python 3.13.12-final-0 _______________

Name                                            Stmts   Miss  Cover   Missing
-----------------------------------------------------------------------------
src\money_mapper\__init__.py                        4      0   100%
src\money_mapper\cli.py                           545    491    10%   29-31, 97-99, 116-121, 125-127, 143-191, 210-267, 272-319, 329-348, 362-399, 404-492, 497-960
src\money_mapper\config_manager.py                144    116    19%   24-29, 33-51, 61-69, 74-94, 98-107, 120-133, 137, 169-178, 190-192, 204-207, 211, 219-228, 237-244, 256-258, 270-271, 283-284, 288-289, 301-310, 319-323, 332, 351-354, 359, 369-388
src\money_mapper\csv_importer.py                  171    154    10%   54-78, 92-111, 125-160, 175-207, 220-274, 287, 299-330, 338, 350-351, 364-389
src\money_mapper\interactive_mapper.py            266    266     0%   13-595
src\money_mapper\mapping_conflict_resolver.py      89     89     0%   9-255
src\money_mapper\mapping_consolidator.py          120    120     0%   9-296
src\money_mapper\mapping_processor.py            1131   1131     0%   16-2282
src\money_mapper\mapping_validator.py              72     72     0%   9-243
src\money_mapper\ml_categorizer.py                111    111     0%   10-335
src\money_mapper\privacy_guard.py                  86     86     0%   9-286
src\money_mapper\setup_wizard.py                  246    246     0%   9-448
src\money_mapper\transaction_enricher.py          416    383     8%   43-51, 58-89, 110-150, 155, 177-183, 198-206, 226-268, 286-393, 419-456, 470-491, 516-548, 573-613, 639-651, 666, 689-723, 737, 753-927, 943-994
src\money_mapper\utils.py                         384    335    13%   29-40, 55-94, 127-237, 264-319, 330-341, 358-359, 363-365, 378-418, 428-464, 478-494, 507-514, 528-539, 552-589, 610-626, 640-647, 660-683, 697-721, 735-741, 753-759, 827-853, 869-880, 890-906, 913-916
-----------------------------------------------------------------------------
TOTAL                                            3785   3600     5%
Coverage HTML written to dir htmlcov
============================= 61 passed in 0.98s ==============================
